;-----------------------------------------------------------------------;
;  Program:     Wally                                                   ;
;  Author:      Code monkey King                                        ;
;  Date:        2024-08-14                                              ;
;  System:      Unexpanded KIM-1                                        ;
;-----------------------------------------------------------------------;
;  Description:                                                         ;
;  This listing is a reconstruction of the original game of Go playing  ;
;  program written by Jonathan K. Millen for the unexpanded KIM-1. The  ;
;  code has been carefully assembled by hand to preserve the original   ;
;  functionality on the same platform.                                  ;
;-----------------------------------------------------------------------;

;-----------------------------------------------------------------------;
;                 BOARD REPRESENTATION & PIECE ENCODING                 ;
;-----------------------------------------------------------------------;
;                                                                       ;
;    30  31  32  32  34  35  36  37  38  39  41  42  43  44  45  46     ;
;    31  2E  2E  2E  2E  2E  2E  2E  2E  2E  2E  2E  2E  2E  2E  2E     ;
;    32  2E  2E  2E  2E  2E  2E  2E  2E  2E  2E  2E  2E  2E  2E  2E     ;
;    33  2E  2E  23  2E  2E  2E  2E  2E  2E  2E  2E  2E  4E  2E  2E     ;
;    34  2E  2E  2E  2E  2E  2E  2E  2E  2E  2E  2E  2E  2E  2E  2E     ;
;    35  2E  2E  2E  2E  2E  2E  2E  2E  2E  2E  2E  2E  2E  2E  2E     ;
;    36  2E  2E  2E  2E  2E  2E  2E  2E  2E  2E  2E  2E  2E  2E  2E     ;
;    37  2E  2E  2E  2E  2E  2E  2E  2E  2E  2E  2E  2E  2E  2E  2E     ;
;    38  2E  2E  2E  2E  2E  2E  2E  2E  2E  2E  2E  2E  2E  2E  2E     ;
;    39  2E  2E  2E  2E  2E  2E  2E  2E  2E  2E  2E  2E  2E  2E  2E     ;
;    41  2E  2E  2E  2E  2E  2E  2E  2E  2E  2E  2E  2E  2E  2E  2E     ;
;    42  2E  2E  2E  2E  2E  2E  2E  2E  2E  2E  2E  2E  2E  2E  2E     ;
;    43  2E  2E  23  2E  2E  2E  2E  2E  2E  2E  2E  2E  4E  2E  2E     ;
;    44  2E  2E  2E  2E  2E  2E  2E  2E  2E  2E  2E  2E  2E  2E  2E     ;
;    45  2E  2E  2E  2E  2E  2E  2E  2E  2E  2E  2E  2E  2E  2E  2E     ;
;    46  2E  2E  2E  2E  2E  2E  2E  2E  2E  2E  2E  2E  2E  2E  2E     ;
;                                                                       ;
;-----------------------------------------------------------------------;
;       EMPTY = '.'; BLACK = '#'; WHITE = 'O'; MARKER = 6TH BIT;        ;
;-----------------------------------------------------------------------;

;-----------------------------------------------------------------------;
;                                VARIABLES                              ;
;-----------------------------------------------------------------------;
; BOARD    $0000-$00FF                                                  ;
;-----------------------------------------------------------------------;

;-----------------------------------------------------------------------;
;                                FUNCTIONS                              ;
;-----------------------------------------------------------------------;
  PRNBRD:  XXXX  A2 00     LDX #$00                ;                    ;
  PRLOOP:  XXXX  8A        TXA                     ;                    ;
           XXXX  29 0F     AND #$0F                ;                    ;
           XXXX  F0 0D     BEQ NEWLIN              ;                    ;
  PRNCHR:  XXXX  B5 00     LDA $00,X               ;                    ;
           XXXX  20 A0 1E  JSR $1EA0               ;                    ;
           XXXX  20 9E 1E  JSR $1E9E               ;                    ;
           XXXX  E8        INX                     ;                    ;
           XXXX  D0 F0     BNE PRLOOP              ;    Print board     ;
           XXXX  F0 09     BEQ PRNRET              ;                    ;
  NEWLIN:  XXXX  8A        TXA                     ;                    ;
           XXXX  48        PHA                     ;                    ;
           XXXX  20 2F 1E  JSR $1E2F               ;                    ;
           XXXX  68        PLA                     ;                    ;
           XXXX  AA        TAX                     ;                    ;
           XXXX  90 EA     BCC PRNCHR              ;                    ;
           XXXX  60        RTS                     ;                    ;
;-----------------------------------------------------------------------;
